---
source: compiler/chipc-ast/tests/snapshot.rs
assertion_line: 10
expression: printer.0.trim()
input_file: tests/snapshot/src/cases/attributes.chip
---
file
  attr
    path: simple
  attr
    path: rooted: attr
  attr
    path
      first_segment: attr
      segment: with
      segment: a
      segment: path
  attr
    path: string
    assign: str_lit: "hello"
  attr
    path: n
    assign: num_lit: 42
  attr
    path: b
    assign: bool_lit: true
  attr
    path: call
    arg: str_lit: "arg0"
    arg
      path: arg1
    arg: num_lit: 42
    arg: bool_lit: false
  attr
    path: call2
    arg
      path: arg0
    arg
      path: nested
      arg
        path: call
    arg
      path: this
      assign: str_lit: "that"
  function
    name: fn_with_attrs
    attr
      path: some_attr
    body: codeblock
