---
source: compiler/chipc-ast/src/grammar/tests/mod.rs
assertion_line: 30
expression: "print(&tree, &source)"
input_file: compiler/chipc-ast/src/grammar/tests/cases/simple.chip
---
file @ 0:0..1:0
  function @ 0:0..0:10
    fn @ 0:0..0:2
    name:identifier @ 0:3..0:4	f
    ( @ 0:4..0:5
    ) @ 0:5..0:6
    : @ 0:6..0:7
    body:tuple_expression @ 0:8..0:10
      ( @ 0:8..0:9
      ) @ 0:9..0:10
