---
source: compiler/chipc-grammar/tests/snapshot/main.rs
assertion_line: 18
expression: "print(&tree, &source)"
input_file: compiler/chipc-grammar/tests/snapshot/cases/extern.chip
---
file @ 0:0..3:0
  function @ 0:0..0:37
    function_modifier @ 0:0..0:10
      extern @ 0:0..0:6
      string_literal @ 0:7..0:10	"C"
    fn @ 0:11..0:13
    identifier @ 0:14..0:22	identity
    ( @ 0:23..0:24
    identifier @ 0:24..0:25	n
    : @ 0:25..0:26
    type @ 0:27..0:29
      path @ 0:27..0:29
        path_segment @ 0:27..0:29
          identifier @ 0:27..0:29	u8
    ) @ 0:29..0:30
    -> @ 0:31..0:33
    type @ 0:34..0:36
      path @ 0:34..0:36
        path_segment @ 0:34..0:36
          identifier @ 0:34..0:36	u8
    ; @ 0:36..0:37
  function @ 2:0..2:36
    function_modifier @ 2:0..2:10
      extern @ 2:0..2:6
      string_literal @ 2:7..2:10	"C"
    fn @ 2:11..2:13
    identifier @ 2:14..2:24	the_answer
    ( @ 2:24..2:25
    ) @ 2:25..2:26
    -> @ 2:27..2:29
    type @ 2:30..2:32
      path @ 2:30..2:32
        path_segment @ 2:30..2:32
          identifier @ 2:30..2:32	u8
    : @ 2:32..2:33
    numeric_literal @ 2:34..2:36
      digits @ 2:34..2:36	42
